Skipping image OS validation for hb__70b5330d33d286a4541cead518cc55117bfd0e7f: docker inspect returned 1
Skipping image OS validation for hb__75f43deecb5d02063e0031021e77d2b5400525f6: docker inspect returned 1
Skipping image OS validation for hb__b748fe77a87749d95876028eda8e759109be4c73: docker inspect returned 1
Skipping image OS validation for hb__a1a1fb8ff25c80529b13b8a6b57419803153137d: docker inspect returned 1
Skipping image OS validation for hb__0ba5d1d4ad7fd6e442cc8bba5ea4735fcdf180b7: docker inspect returned 1
Skipping image OS validation for hb__3f402dfc91da3a5c91969025afea0bacbc4033e3: docker inspect returned 1
Skipping image OS validation for hb__ab52630d0644e42a75eb88b78b9a9d7438a6fbeb: docker inspect returned 1
Skipping image OS validation for hb__61d24f7dfa9abd845acd48fbb8a36f54a244e62e: docker inspect returned 1
Skipping image OS validation for hb__9c9d9c3acf0dde791ff7d336078ecfd14b17315e: docker inspect returned 1
Skipping image OS validation for hb__7254cf0782dc768d4f54cfd5e2ff9ace6a8d6c2e: docker inspect returned 1
Skipping image OS validation for hb__9d300cc28a0eefd4488284d6af85e2c0a260e2bd: docker inspect returned 1
Skipping image OS validation for hb__17e5370d948e94135338111363f97cc9d513c92a: docker inspect returned 1
Skipping image OS validation for hb__eed510ce355ba82834ed082bcd27bb5bbb080c2a: docker inspect returned 1
Skipping image OS validation for hb__608e3aab06c36832672a286a6df6f215e3e7c56e: docker inspect returned 1
Skipping image OS validation for hb__aa87d67258a5b6742fc53d06c7bdac0f643bc9f1: docker inspect returned 1
Skipping image OS validation for hb__19faeac16cd77bb163049f44cb39ed77e12ed41b: docker inspect returned 1
Exception AgentTimeoutError is in exclude_exceptions, not retrying
Not retrying trial because the exception is not in include_exceptions or the maximum number of retries has been reached
Skipping image OS validation for hb__2764127335126601b90aac6488ef927dce1eceda: docker inspect returned 1
Trial 2764127335126601b90aac6488ef927d__AA7EP8L failed: AgenticVulHunter research pipeline failed for SCRBench task 2764127335126601b90aac6488ef927dce1eceda (exit=2). Artifacts were preserved under /logs/agent/agenticvulhunter.
STDOUT:

STDERR:

Not retrying trial because the maximum number of retries has been reached
Skipping image OS validation for hb__69a91de6d78aba60b80f877eb96855f678372d80: docker inspect returned 1
Skipping image OS validation for hb__91bc67d81a9711fbf5a0f0c46bbf1d87232391f8: docker inspect returned 1
Skipping image OS validation for hb__1149068b924ad7a30e165a9cb90d2b791432f267: docker inspect returned 1
Skipping image OS validation for hb__3f0b64c4d34a0b50e8a863aa18b8026be26f3af7: docker inspect returned 1
Skipping image OS validation for hb__71c243035e169149f6448dc50b085c8781d39779: docker inspect returned 1
Skipping image OS validation for hb__a2f2a399566dd68ce7e312fff5a5ba857066797d: docker inspect returned 1
Skipping image OS validation for hb__57273e0916c1e4a3d6d73cc7955814ec6633b3fa: docker inspect returned 1
Skipping image OS validation for hb__bc0f896a47d7b2dcd6f9fc1fff88f6a25b248f8a: docker inspect returned 1
Skipping image OS validation for hb__076a1f97c29ab3857b5801bf1d1c0991a432dfc3: docker inspect returned 1
Skipping image OS validation for hb__1abda216e59ca6ef57f727fdf5b5e9b8a02bee4f: docker inspect returned 1
Skipping image OS validation for hb__1081156f134a5c71bc38ab4a3687a900cb35ba14: docker inspect returned 1
Skipping image OS validation for hb__bf5040f75e71e25af0b9b5c2a9c098c5933d4acc: docker inspect returned 1
Skipping image OS validation for hb__3bb50fec693d7d388bca7e47cd9f63a6e4e29040: docker inspect returned 1
Skipping image OS validation for hb__83261490075b08391d10236418e914222c081e34: docker inspect returned 1
Skipping image OS validation for hb__d947ca7e9e341999356e07c2c5826930b9698964: docker inspect returned 1
Skipping image OS validation for hb__14dd952282b922fabf45b240289a28c95e687528: docker inspect returned 1
Skipping image OS validation for hb__f7cc8f7cba3c4591dc894d772655e0a060340163: docker inspect returned 1
Skipping image OS validation for hb__743c145d881e52afaf7bc086762feb16fa2dd2f7: docker inspect returned 1
Skipping image OS validation for hb__c63775e46e9b1fb09c384225940ee6d91af63f45: docker inspect returned 1
Skipping image OS validation for hb__8ce72d8d2d25973b7064b1cf76a6b0b3d62f0ba0: docker inspect returned 1
Skipping image OS validation for hb__f27e8612f6aa533eb6f7eedf387b506cb6736352: docker inspect returned 1
Skipping image OS validation for hb__0f1af73c0ffadbe597405d535ff4fcd5812f1e30: docker inspect returned 1
Skipping image OS validation for hb__e76b10a6ed4c2453e94b4d6329d04a62ffcc7082: docker inspect returned 1
Skipping image OS validation for hb__78f1e4a4abfb24305d8f3d60bec094e849a70ab1: docker inspect returned 1
Skipping image OS validation for hb__18ea724b6f658943606237e01febc242f7a56260: docker inspect returned 1
Exception AgentTimeoutError is in exclude_exceptions, not retrying
Not retrying trial because the exception is not in include_exceptions or the maximum number of retries has been reached
Skipping image OS validation for hb__c45a2e7e952d0938b259dfa2a908bfdb5313ded8: docker inspect returned 1
Skipping image OS validation for hb__96199e562dcc409ab4bdc2b2146fa7cf73c7c5fe: docker inspect returned 1
Skipping image OS validation for hb__10f039b6fb4421324758d11666a4a5e352ce1d1c: docker inspect returned 1
Trial 10f039b6fb4421324758d11666a4a5e3__s2qKrTn failed: SCRBench infrastructure/preflight error: prepared-diff inputs are not ready; failed checks: repo_exists. See /logs/agent/agenticvulhunter/preflight.json. setup_repo.sh was not re-run.
Not retrying trial because the maximum number of retries has been reached
Skipping image OS validation for hb__4caf1090abcc9868243d1ba9d002bc610e7450be: docker inspect returned 1
Skipping image OS validation for hb__5db8ebd3dca7838c9e47e456f9c508e1fd8ea470: docker inspect returned 1
Skipping image OS validation for hb__01ba8a8443d6da3ac181811855901fa0cd797bc9: docker inspect returned 1
Skipping image OS validation for hb__806da342c96d9bc1d904f7413c7537f741d8f5f7: docker inspect returned 1
Skipping image OS validation for hb__ac2052ebc84c45709ab5f0f25e685bf656ce79bc: docker inspect returned 1
Skipping image OS validation for hb__bc3b40f953da4c16bdbecf1ba9913718e9a94b87: docker inspect returned 1
Skipping image OS validation for hb__bf9c4ba9e81fd066b4d133eaddf2da2c6b3005aa: docker inspect returned 1
Skipping image OS validation for hb__33ca159d01a3ca8a61fa0c8fe16b7e4d42fb89ed: docker inspect returned 1
Trial 33ca159d01a3ca8a61fa0c8fe16b7e4d__2qhScMx failed: AgenticVulHunter research pipeline failed for SCRBench task 33ca159d01a3ca8a61fa0c8fe16b7e4d42fb89ed (exit=2). Artifacts were preserved under /logs/agent/agenticvulhunter.
STDOUT:

STDERR:

Not retrying trial because the maximum number of retries has been reached
Skipping image OS validation for hb__7b28116c60a9f1efea5ed99869fbc2a0e78fa3bc: docker inspect returned 1
Skipping image OS validation for hb__7c9205aafd495ae053b899ad900cdd40913566a2: docker inspect returned 1
Skipping image OS validation for hb__8f0c8f731190f761180bed827d07b7a740d8555b: docker inspect returned 1
Skipping image OS validation for hb__8745f80d90892c354bf82dc2058015a3b0e5156f: docker inspect returned 1
Skipping image OS validation for hb__97a981a7660154027df1da4f8a2cc314e701d037: docker inspect returned 1
Skipping image OS validation for hb__c52d7b6ed1558d44acc96bd4f3468ffc4a8e5219: docker inspect returned 1
Skipping image OS validation for hb__a4019e5ea93a2a39865e96779f77fd0fbacb0575: docker inspect returned 1
Skipping image OS validation for hb__bbb3294c72e9f40c3447ce08c74a69494a12a7ce: docker inspect returned 1
Skipping image OS validation for hb__1b6c78820be7803be5e38a01301a76cc05a93ff3: docker inspect returned 1
Skipping image OS validation for hb__f8e54c26e343186a24a65d35dbd268247802c0cb: docker inspect returned 1
Skipping image OS validation for hb__8a31fac515a8883aa524f87cc5b60300d2dfb125: docker inspect returned 1
Skipping image OS validation for hb__a97b83babc288ac6409f6a5249ee72dee4f30cbd: docker inspect returned 1
Skipping image OS validation for hb__fca784f28a702f9795a482f2a6081db0a6b63032: docker inspect returned 1
Skipping image OS validation for hb__2425446431aec74c8cf818dffb3f599dd6c7baad: docker inspect returned 1
Skipping image OS validation for hb__ae69d50d9111db745e98240f39eaae8c3c19aa12: docker inspect returned 1
Skipping image OS validation for hb__d5f72dd08d4d7cd13b8dd96707d6b44fa1f483b1: docker inspect returned 1
Trial d5f72dd08d4d7cd13b8dd96707d6b44f__KTHEPHQ failed: SCRBench infrastructure/preflight error: prepared-diff inputs are not ready; failed checks: repo_exists. See /logs/agent/agenticvulhunter/preflight.json. setup_repo.sh was not re-run.
Not retrying trial because the maximum number of retries has been reached
Skipping image OS validation for hb__4b965c297957efd23e7b700ff7a04626a480f94a: docker inspect returned 1
Skipping image OS validation for hb__35ea2aaab73f9ca088fcaad4015f7bef94d9fd90: docker inspect returned 1
Skipping image OS validation for hb__18d80c6f0bbe037b216145d10904fe0a9e2a9f01: docker inspect returned 1
Skipping image OS validation for hb__4d1f00688b73da9f8bcb1b5abdd2f8aed58a4410: docker inspect returned 1
Skipping image OS validation for hb__6c76c9efd27c7ff5a5c6f187e8b7a435c4722338: docker inspect returned 1
Skipping image OS validation for hb__a8dc5a6d760d00f78353c6943f30ea45756ecc9c: docker inspect returned 1
Skipping image OS validation for hb__0877d424e08d57e6f0d1da9a86289fb10d0ee136: docker inspect returned 1
Exception AgentTimeoutError is in exclude_exceptions, not retrying
Not retrying trial because the exception is not in include_exceptions or the maximum number of retries has been reached
Skipping image OS validation for hb__d43666bce77bdc67146c23663b8a21746d7d41ce: docker inspect returned 1
Skipping image OS validation for hb__facddd79bcd07a03b3b64f6a615c34f3181b4083: docker inspect returned 1
Skipping image OS validation for hb__8d5d2c8230b9c232afd82e01039c680e8a8b0094: docker inspect returned 1
Skipping image OS validation for hb__d9abaae384b198db1095735ad9c1c73d7b890a0d: docker inspect returned 1
Skipping image OS validation for hb__f88d104fa0ad4e88074a771f95cc70e153244969: docker inspect returned 1
Skipping image OS validation for hb__963e21212bddd86e4cc2c661f38e09ebf6491b44: docker inspect returned 1
Skipping image OS validation for hb__c663ea818390ff260c96e0a232380b670773a942: docker inspect returned 1
Skipping image OS validation for hb__24122d33711e9705caf09d29e38e7ec977011d1f: docker inspect returned 1
Skipping image OS validation for hb__90fc19934c62db5f2565d8d03b466b9c7d18eba2: docker inspect returned 1
Skipping image OS validation for hb__eaccc87700760ed2d5a9aadae4d30fa9ab17453f: docker inspect returned 1
Skipping image OS validation for hb__eca500880dd1b7a448b7d91a184eb8f43bb187c7: docker inspect returned 1
Skipping image OS validation for hb__ff02114eaec090ee51db48435cc32d451662606e: docker inspect returned 1
Skipping image OS validation for hb__b7bcd6581b1586b77ebd381b02c4b32d377859a7: docker inspect returned 1
Skipping image OS validation for hb__2a463f7551b74030825b65f852df1fcdded197f7: docker inspect returned 1
Skipping image OS validation for hb__8e800bd112f12fac555b90d99e0453a5eca3f65f: docker inspect returned 1
Skipping image OS validation for hb__58f38c74ae1f5917db0fc0ed3fb0efe7b7df791e: docker inspect returned 1
Skipping image OS validation for hb__d0ad9ecf3282cce84f1bbee4ee65988bdb3ae0bb: docker inspect returned 1
Exception AgentTimeoutError is in exclude_exceptions, not retrying
Not retrying trial because the exception is not in include_exceptions or the maximum number of retries has been reached
Skipping image OS validation for hb__0976f8f7131975a1ae29b2724069a301a870a46d: docker inspect returned 1
Skipping image OS validation for hb__d537ab0ff9767ef024f26246899728f0116b1ec3: docker inspect returned 1
Skipping image OS validation for hb__63d51bfed387d15bd98736b9c06e4465aa967205: docker inspect returned 1
Trial 63d51bfed387d15bd98736b9c06e4465__8fKKyjz failed: SCRBench infrastructure/preflight error: prepared-diff inputs are not ready; failed checks: repo_exists. See /logs/agent/agenticvulhunter/preflight.json. setup_repo.sh was not re-run.
Not retrying trial because the maximum number of retries has been reached
Skipping image OS validation for hb__ce6490f3e98a57f5e1836b5536e147ae68bedbf1: docker inspect returned 1
Skipping image OS validation for hb__d67ac06d31a92a014732cf538988e05d4ffcec9d: docker inspect returned 1
Skipping image OS validation for hb__c770a1651d9ee06148c955d660539303574b7e8d: docker inspect returned 1
Skipping image OS validation for hb__31a13eaaeaec742d520e14dcb5f3b024413909bf: docker inspect returned 1
Skipping image OS validation for hb__245ab23f3afdc8fce9443e5b1a01fa39bd62e0e5: docker inspect returned 1
Skipping image OS validation for hb__55873d11cf37a503e7457292597b2aba983bffeb: docker inspect returned 1
Skipping image OS validation for hb__5231bafc417ebf0e821f7003b856f8e324d50085: docker inspect returned 1
Skipping image OS validation for hb__13ad3b7170da6b78aae6e9464ebb2270e4da31da: docker inspect returned 1
Skipping image OS validation for hb__a816bf488997daaefc1d573cfb2aa679b932cbde: docker inspect returned 1
Skipping image OS validation for hb__34a1a7060a3589b6288c798c246919b21d397e87: docker inspect returned 1
Skipping image OS validation for hb__2a66fb8fbfa8255f4939b874057e6a947e4c8bf0: docker inspect returned 1
Skipping image OS validation for hb__098f0d12bb534d1cb59303203096ead6b78ba693: docker inspect returned 1
Skipping image OS validation for hb__30c0fed8de4f859cb8b4bb7468069db9aed331ad: docker inspect returned 1
Skipping image OS validation for hb__ac1a079f9baf441c262fd11628f3e3d06f73129d: docker inspect returned 1
Skipping image OS validation for hb__b04fb3aced2d038f2671882ce88f8e56ac8ae205: docker inspect returned 1
Skipping image OS validation for hb__955c72bebfac179a79165abcd5e1995cb31c9c23: docker inspect returned 1
Skipping image OS validation for hb__ffc59303905d507e7d5813300da8b7b94bfa871b: docker inspect returned 1
Skipping image OS validation for hb__42be8f881bae69a3905aaf966fe32f5315aa840a: docker inspect returned 1
Skipping image OS validation for hb__a4caeaf87f536ef3654b38112ba9cdd491d9bb36: docker inspect returned 1
Exception AgentTimeoutError is in exclude_exceptions, not retrying
Not retrying trial because the exception is not in include_exceptions or the maximum number of retries has been reached
Skipping image OS validation for hb__d6f70a4545faceb1ac5c3cfa8ead660b4a34c198: docker inspect returned 1
Skipping image OS validation for hb__8f3c5b5879a4671fe2b58635ab18b88db1b64f1e: docker inspect returned 1
Trial 8f3c5b5879a4671fe2b58635ab18b88d__ZyNhk8V failed: SCRBench infrastructure/preflight error: prepared-diff inputs are not ready; failed checks: repo_exists. See /logs/agent/agenticvulhunter/preflight.json. setup_repo.sh was not re-run.
Not retrying trial because the maximum number of retries has been reached
Skipping image OS validation for hb__e5792134c1fd925ed9f9c10eb6aace19505be9d2: docker inspect returned 1
Skipping image OS validation for hb__937f8b80484d0677bfd58f3963b6419df33f84f0: docker inspect returned 1
Skipping image OS validation for hb__ae8bf53fe897e296fd8829673fdc121f00e86645: docker inspect returned 1
Trial ae8bf53fe897e296fd8829673fdc121f__yrBhwxo failed: SCRBench infrastructure/preflight error: prepared-diff inputs are not ready; failed checks: repo_exists. See /logs/agent/agenticvulhunter/preflight.json. setup_repo.sh was not re-run.
Not retrying trial because the maximum number of retries has been reached
Skipping image OS validation for hb__8b9f39656aabfa59b1b8b8a80b83fd192de8a73e: docker inspect returned 1
Skipping image OS validation for hb__a33206ada7283d6cc381e14f6bcb8f7e07bd2a1b: docker inspect returned 1
Skipping image OS validation for hb__97c5a01ddc0af4d08e5fd5f84face665320e22c4: docker inspect returned 1
Skipping image OS validation for hb__5a058ff68c208e13ee9e55f9f7b4ce79f307536a: docker inspect returned 1
Skipping image OS validation for hb__bc05547cd8c1dd511c6b6a6c873a1bc63417b111: docker inspect returned 1
Skipping image OS validation for hb__9d4888a7729fcd6f573b23d081c12e2f4bf91de1: docker inspect returned 1
Skipping image OS validation for hb__54173d2c67bc8ed8953b56e67d4719676f43a073: docker inspect returned 1
Exception AgentTimeoutError is in exclude_exceptions, not retrying
Not retrying trial because the exception is not in include_exceptions or the maximum number of retries has been reached
Skipping image OS validation for hb__254a8e664d4eb09c0f104d0cffdd14b217eddb78: docker inspect returned 1
Skipping image OS validation for hb__338be6a6818c06ef07b39b1afed3713141569c6b: docker inspect returned 1
Skipping image OS validation for hb__40f1cce24c92c12c1e25893263c7b878f0bec011: docker inspect returned 1
Skipping image OS validation for hb__53778d9753b0c2b9ed9034d3dacf4281f6c8b8c0: docker inspect returned 1
Skipping image OS validation for hb__167eb813ce8408964319cf611b053808da97f9fa: docker inspect returned 1
Skipping image OS validation for hb__2427d4a99bed35baefd8f17ba422cb7aae8dcca7: docker inspect returned 1
Skipping image OS validation for hb__73b774a51b1ffc895d38c89dbde4b308f31c6e35: docker inspect returned 1
Exception AgentTimeoutError is in exclude_exceptions, not retrying
Not retrying trial because the exception is not in include_exceptions or the maximum number of retries has been reached
Skipping image OS validation for hb__255449c1ee61c14778658caae8c430fa4d76afd6: docker inspect returned 1
Skipping image OS validation for hb__0ac69fbaae72b2845772f8e49e6de3358bee035c: docker inspect returned 1
Skipping image OS validation for hb__ac36a99a7226e1092c2e7e28c9b6e32d8f82e6fb: docker inspect returned 1
Skipping image OS validation for hb__2f4eff90dd21e58dd56074dc4933b15a91373de6: docker inspect returned 1
Skipping image OS validation for hb__4d64bbcf7d3ead8c658e16db5742c03d590c61eb: docker inspect returned 1
Skipping image OS validation for hb__3d447c5a335844b25faec04b1132dbc721f9c8f6: docker inspect returned 1
Skipping image OS validation for hb__51faf289453053489cc350aa363ffde3290df16b: docker inspect returned 1
Skipping image OS validation for hb__7ba451de175ac1ee1c05ee872cca92e4e3a8d13f: docker inspect returned 1
Skipping image OS validation for hb__6a49bf73648789eb50e90956803a0d6a028edcbc: docker inspect returned 1
Skipping image OS validation for hb__5d304cb8222d40289e0546fbcbc437f9448285bb: docker inspect returned 1
